RAM Allocation [bytes]
Variable                                                                          Address   Size
------------------------------------------------------------------------------------------------
str_value                                                                         0x0500      16
distance                                                                          0x0510       4
_base_y (lcd.lib)                                                                 0x0514       4

EEPROM Allocation [bytes]
Variable                                                                          Address   Size
------------------------------------------------------------------------------------------------

Register Allocation
Variable                                                                          Register  Size
------------------------------------------------------------------------------------------------
catch                                                                             R4,R5        2
_lcd_x                                                                            R7           1
_lcd_y                                                                            R6           1
_lcd_maxx                                                                         R9           1

FLASH Allocation [words]
Function                                                                          Address   Size
------------------------------------------------------------------------------------------------
main                                                                              0x00087     93
timer_int0                                                                        0x000E4     27
external_int0                                                                     0x000FF     10
_lcd_delay_G100                                                                   0x00109      4
_lcd_ready                                                                        0x0010D     17
_lcd_write_nibble_G100                                                            0x0011E      8
_lcd_write_data                                                                   0x00126     15
_lcd_read_nibble_G100                                                             0x00135      7
lcd_read_byte0_G100                                                               0x0013C      8
lcd_gotoxy                                                                        0x00144     14
lcd_clear                                                                         0x00152     13
lcd_putchar                                                                       0x0015F     25
lcd_puts                                                                          0x00178     17
_long_delay_G100                                                                  0x00189      5
_lcd_init_write_G100                                                              0x0018E     11
lcd_init                                                                          0x00199     50
put_buff_G101                                                                     0x001CB     43
_print_G101                                                                       0x001F6    294
sprintf                                                                           0x0031C     49
strlen                                                                            0x0034D     12
strlenf                                                                           0x00359     13
